  Γ£à Saved session for admin@oxycure.com ΓåÆ C:\Users\soman\OneDrive\Desktop\Oxycure_ERP\tests\.auth\admin.json
  ΓÅ¡∩╕Å  Salesperson login skipped: Login failed for sales@oxycure.com: 401 {"statusCode":401,"message":"Invalid email or password","error":"Unauthorized","timestamp":"2026-05-19T07:06:46.376Z","path":"/api/auth/login"}

Running 41 tests using 1 worker

  Γ£ô   1 [chromium] ΓÇ║ tests\e2e.spec.js:32:3 ΓÇ║ 1. Authentication ΓÇ║ 1.1.5 Login page accessible without auth (1.2s)
  Γ£ô   2 [chromium] ΓÇ║ tests\e2e.spec.js:39:3 ΓÇ║ 1. Authentication ΓÇ║ 1.1.4 Empty form shows validation errors (2.1s)
  Γ£ô   3 [chromium] ΓÇ║ tests\e2e.spec.js:48:3 ΓÇ║ 1. Authentication ΓÇ║ 1.1.2 Wrong email shows error (nonexistent ΓÇö no lockout risk) (1.5s)
  Γ£ÿ   4 [chromium] ΓÇ║ tests\e2e.spec.js:58:3 ΓÇ║ 1. Authentication ΓÇ║ 1.2.2 Unauthenticated visit to / redirects to /login (8.8s)
  Γ£ô   5 [chromium] ΓÇ║ tests\e2e.spec.js:68:3 ΓÇ║ 1. Authentication ΓÇ║ 1.2.1 Authenticated user can access dashboard (1.1s)
  Γ£ô   6 [chromium] ΓÇ║ tests\e2e.spec.js:77:3 ΓÇ║ 1. Authentication ΓÇ║ 1.2.4 Logout clears session (2.0s)
  Γ£ô   7 [chromium] ΓÇ║ tests\e2e.spec.js:99:3 ΓÇ║ 2. Dashboard ΓÇ║ 2.1 Dashboard loads with KPI cards (1.1s)
  Γ£ô   8 [chromium] ΓÇ║ tests\e2e.spec.js:107:3 ΓÇ║ 2. Dashboard ΓÇ║ 2.3 Charts render (SVG/canvas visible) (2.9s)
  Γ£ÿ   9 [chromium] ΓÇ║ tests\e2e.spec.js:116:3 ΓÇ║ 2. Dashboard ΓÇ║ 2.4 Sidebar shows nav items for admin (1.1s)
  Γ£ô  10 [chromium] ΓÇ║ tests\e2e.spec.js:125:3 ΓÇ║ 2. Dashboard ΓÇ║ 2.5 Sidebar collapse/expand toggle works (1.2s)
  Γ£ô  11 [chromium] ΓÇ║ tests\e2e.spec.js:141:3 ΓÇ║ 3. Users Management ΓÇ║ 3.1 /users page loads with table (1.1s)
  Γ£ô  12 [chromium] ΓÇ║ tests\e2e.spec.js:146:3 ΓÇ║ 3. Users Management ΓÇ║ 3.2 Create user modal opens (1.5s)
  -  13 [chromium] ΓÇ║ tests\e2e.spec.js:153:3 ΓÇ║ 3. Users Management ΓÇ║ 1.3.1 Salesperson cannot visit /users
  Γ£ô  14 [chromium] ΓÇ║ tests\e2e.spec.js:171:3 ΓÇ║ 4. Customers ΓÇ║ 4.1 /customers page loads (1.1s)
  Γ£ô  15 [chromium] ΓÇ║ tests\e2e.spec.js:178:3 ΓÇ║ 4. Customers ΓÇ║ 4.2 Customer search filters results (1.7s)
  Γ£ô  16 [chromium] ΓÇ║ tests\e2e.spec.js:190:3 ΓÇ║ 4. Customers ΓÇ║ 4.3 Create customer form opens (1.1s)
  Γ£ô  17 [chromium] ΓÇ║ tests\e2e.spec.js:207:3 ΓÇ║ 5. Tickets ΓÇ║ 5.1 /tickets page loads (1.2s)
  Γ£ô  18 [chromium] ΓÇ║ tests\e2e.spec.js:212:3 ΓÇ║ 5. Tickets ΓÇ║ 5.4 Filter tickets by status works (1.1s)
  Γ£ô  19 [chromium] ΓÇ║ tests\e2e.spec.js:224:3 ΓÇ║ 5. Tickets ΓÇ║ 5.11 /crm Kanban board loads (2.3s)
  Γ£ô  20 [chromium] ΓÇ║ tests\e2e.spec.js:236:3 ΓÇ║ 6. Proposals ΓÇ║ 6.1 /proposals page loads (1.5s)
  Γ£ô  21 [chromium] ΓÇ║ tests\e2e.spec.js:242:3 ΓÇ║ 6. Proposals ΓÇ║ 6.12 INR currency symbol displayed (2.5s)
  Γ£ô  22 [chromium] ΓÇ║ tests\e2e.spec.js:257:3 ΓÇ║ 7. Design Specifications ΓÇ║ 7.1 /design-specs page loads (1.6s)
  Γ£ô  23 [chromium] ΓÇ║ tests\e2e.spec.js:267:3 ΓÇ║ 8. Quotations ΓÇ║ 8.1 /quotations page loads (1.6s)
  Γ£ô  24 [chromium] ΓÇ║ tests\e2e.spec.js:277:3 ΓÇ║ 9. Orders ΓÇ║ 9.1 /orders page loads (1.8s)
  Γ£ô  25 [chromium] ΓÇ║ tests\e2e.spec.js:287:3 ΓÇ║ 10. Product Catalog ΓÇ║ 10.1 /catalog page loads (2.0s)
  Γ£ô  26 [chromium] ΓÇ║ tests\e2e.spec.js:292:3 ΓÇ║ 10. Product Catalog ΓÇ║ 10.2 Toggle Grid/List view (1.2s)
  Γ£ô  27 [chromium] ΓÇ║ tests\e2e.spec.js:302:3 ΓÇ║ 10. Product Catalog ΓÇ║ 10.3 Search products (1.9s)
  Γ£ô  28 [chromium] ΓÇ║ tests\e2e.spec.js:317:3 ΓÇ║ 11. Stock Management ΓÇ║ 11.1 /stock page loads (1.7s)
  Γ£ô  29 [chromium] ΓÇ║ tests\e2e.spec.js:323:3 ΓÇ║ 11. Stock Management ΓÇ║ 11.2 Stock table has quantity columns (978ms)
  Γ£ô  30 [chromium] ΓÇ║ tests\e2e.spec.js:336:3 ΓÇ║ 12. Stock Transfers ΓÇ║ 12.1 /stock-transfers page loads (1.9s)
  Γ£ô  31 [chromium] ΓÇ║ tests\e2e.spec.js:346:3 ΓÇ║ 13. Suppliers ΓÇ║ 13.1 /stock/suppliers page loads (1.8s)
  Γ£ô  32 [chromium] ΓÇ║ tests\e2e.spec.js:356:3 ΓÇ║ 14. Purchase Orders ΓÇ║ 14.1 /stock/purchase-orders page loads (2.0s)
  Γ£ô  33 [chromium] ΓÇ║ tests\e2e.spec.js:367:3 ΓÇ║ 15. Stock Alerts ΓÇ║ 15.1 /stock/alerts page loads (2.0s)
  Γ£ô  34 [chromium] ΓÇ║ tests\e2e.spec.js:377:3 ΓÇ║ 16. BoQ Templates ΓÇ║ 16.1 /settings/boq-templates loads for admin (2.4s)
  -  35 [chromium] ΓÇ║ tests\e2e.spec.js:382:3 ΓÇ║ 16. BoQ Templates ΓÇ║ 1.3.2 Salesperson cannot access /settings/boq-templates
  Γ£ô  36 [chromium] ΓÇ║ tests\e2e.spec.js:400:3 ΓÇ║ 17. Settings ΓÇ║ 17.1 /settings page loads (2.0s)
  Γ£ô  37 [chromium] ΓÇ║ tests\e2e.spec.js:410:3 ΓÇ║ 18. UI/UX ΓÇ║ 18.1 No horizontal scroll at 768px (tablet) (2.1s)
  Γ£ô  38 [chromium] ΓÇ║ tests\e2e.spec.js:419:3 ΓÇ║ 18. UI/UX ΓÇ║ 18.2 Core content readable at 390px (mobile) (1.1s)
  Γ£ô  39 [chromium] ΓÇ║ tests\e2e.spec.js:430:3 ΓÇ║ 19. E2E Business Flows ΓÇ║ E2E-1 Tickets and Proposals both accessible (1.8s)
  Γ£ô  40 [chromium] ΓÇ║ tests\e2e.spec.js:437:3 ΓÇ║ 19. E2E Business Flows ΓÇ║ E2E-3 Stock, Purchase Orders, Stock Alerts all load (2.5s)
  Γ£ô  41 [chromium] ΓÇ║ tests\e2e.spec.js:444:3 ΓÇ║ 19. E2E Business Flows ΓÇ║ E2E-5 BoQ Templates page accessible (1.0s)


  1) [chromium] ΓÇ║ tests\e2e.spec.js:58:3 ΓÇ║ 1. Authentication ΓÇ║ 1.2.2 Unauthenticated visit to / redirects to /login 

    TimeoutError: page.waitForURL: Timeout 8000ms exceeded.
    =========================== logs ===========================
    waiting for navigation until "load"
      navigated to "http://localhost:3000/"
    ============================================================

      61 |     const page = await ctx.newPage();
      62 |     await page.goto(WEB);
    > 63 |     await page.waitForURL(/\/login/, { timeout: 8000 });
         |                ^
      64 |     await expect(page).toHaveURL(/\/login/);
      65 |     await ctx.close();
      66 |   });
        at C:\Users\soman\OneDrive\Desktop\Oxycure_ERP\tests\e2e.spec.js:63:16

    attachment #1: screenshot (image/png) ΓöÇΓöÇΓöÇΓöÇΓöÇΓöÇΓöÇΓöÇΓöÇΓöÇΓöÇΓöÇΓöÇΓöÇΓöÇΓöÇΓöÇΓöÇΓöÇΓöÇΓöÇΓöÇΓöÇΓöÇΓöÇΓöÇΓöÇΓöÇΓöÇΓöÇΓöÇΓöÇΓöÇΓöÇΓöÇΓöÇΓöÇΓöÇΓöÇΓöÇΓöÇΓöÇΓöÇΓöÇΓöÇΓöÇΓöÇΓöÇΓöÇΓöÇΓöÇΓöÇΓöÇΓöÇΓöÇΓöÇΓöÇΓöÇ
    test-results\e2e-1-Authentication-1-2-2-50033-visit-to-redirects-to-login-chromium\test-failed-1.png
    ΓöÇΓöÇΓöÇΓöÇΓöÇΓöÇΓöÇΓöÇΓöÇΓöÇΓöÇΓöÇΓöÇΓöÇΓöÇΓöÇΓöÇΓöÇΓöÇΓöÇΓöÇΓöÇΓöÇΓöÇΓöÇΓöÇΓöÇΓöÇΓöÇΓöÇΓöÇΓöÇΓöÇΓöÇΓöÇΓöÇΓöÇΓöÇΓöÇΓöÇΓöÇΓöÇΓöÇΓöÇΓöÇΓöÇΓöÇΓöÇΓöÇΓöÇΓöÇΓöÇΓöÇΓöÇΓöÇΓöÇΓöÇΓöÇΓöÇΓöÇΓöÇΓöÇΓöÇΓöÇΓöÇΓöÇΓöÇΓöÇΓöÇΓöÇΓöÇΓöÇΓöÇΓöÇΓöÇΓöÇΓöÇΓöÇΓöÇΓöÇΓöÇΓöÇΓöÇΓöÇΓöÇΓöÇΓöÇΓöÇΓöÇΓöÇΓöÇΓöÇΓöÇΓöÇΓöÇΓöÇ

    Error Context: test-results\e2e-1-Authentication-1-2-2-50033-visit-to-redirects-to-login-chromium\error-context.md

  2) [chromium] ΓÇ║ tests\e2e.spec.js:116:3 ΓÇ║ 2. Dashboard ΓÇ║ 2.4 Sidebar shows nav items for admin ΓöÇΓöÇΓöÇ

    Error: [2mexpect([22m[31mreceived[39m[2m).[22mtoBeGreaterThan[2m([22m[32mexpected[39m[2m)[22m

    Expected: > [32m5[39m
    Received:   [31m2[39m

      120 |     await expect(sidebar).toBeVisible({ timeout: 8000 });
      121 |     const navLinks = page.locator('aside a[href]');
    > 122 |     expect(await navLinks.count()).toBeGreaterThan(5);
          |                                    ^
      123 |   });
      124 |
      125 |   test('2.5 Sidebar collapse/expand toggle works', async ({ page }) => {
        at C:\Users\soman\OneDrive\Desktop\Oxycure_ERP\tests\e2e.spec.js:122:36

    attachment #1: screenshot (image/png) ΓöÇΓöÇΓöÇΓöÇΓöÇΓöÇΓöÇΓöÇΓöÇΓöÇΓöÇΓöÇΓöÇΓöÇΓöÇΓöÇΓöÇΓöÇΓöÇΓöÇΓöÇΓöÇΓöÇΓöÇΓöÇΓöÇΓöÇΓöÇΓöÇΓöÇΓöÇΓöÇΓöÇΓöÇΓöÇΓöÇΓöÇΓöÇΓöÇΓöÇΓöÇΓöÇΓöÇΓöÇΓöÇΓöÇΓöÇΓöÇΓöÇΓöÇΓöÇΓöÇΓöÇΓöÇΓöÇΓöÇΓöÇΓöÇ
    test-results\e2e-2-Dashboard-2-4-Sidebar-shows-nav-items-for-admin-chromium\test-failed-1.png
    ΓöÇΓöÇΓöÇΓöÇΓöÇΓöÇΓöÇΓöÇΓöÇΓöÇΓöÇΓöÇΓöÇΓöÇΓöÇΓöÇΓöÇΓöÇΓöÇΓöÇΓöÇΓöÇΓöÇΓöÇΓöÇΓöÇΓöÇΓöÇΓöÇΓöÇΓöÇΓöÇΓöÇΓöÇΓöÇΓöÇΓöÇΓöÇΓöÇΓöÇΓöÇΓöÇΓöÇΓöÇΓöÇΓöÇΓöÇΓöÇΓöÇΓöÇΓöÇΓöÇΓöÇΓöÇΓöÇΓöÇΓöÇΓöÇΓöÇΓöÇΓöÇΓöÇΓöÇΓöÇΓöÇΓöÇΓöÇΓöÇΓöÇΓöÇΓöÇΓöÇΓöÇΓöÇΓöÇΓöÇΓöÇΓöÇΓöÇΓöÇΓöÇΓöÇΓöÇΓöÇΓöÇΓöÇΓöÇΓöÇΓöÇΓöÇΓöÇΓöÇΓöÇΓöÇΓöÇΓöÇ

    attachment #2: video (video/webm) ΓöÇΓöÇΓöÇΓöÇΓöÇΓöÇΓöÇΓöÇΓöÇΓöÇΓöÇΓöÇΓöÇΓöÇΓöÇΓöÇΓöÇΓöÇΓöÇΓöÇΓöÇΓöÇΓöÇΓöÇΓöÇΓöÇΓöÇΓöÇΓöÇΓöÇΓöÇΓöÇΓöÇΓöÇΓöÇΓöÇΓöÇΓöÇΓöÇΓöÇΓöÇΓöÇΓöÇΓöÇΓöÇΓöÇΓöÇΓöÇΓöÇΓöÇΓöÇΓöÇΓöÇΓöÇΓöÇΓöÇΓöÇΓöÇΓöÇΓöÇΓöÇΓöÇ
    test-results\e2e-2-Dashboard-2-4-Sidebar-shows-nav-items-for-admin-chromium\video.webm
    ΓöÇΓöÇΓöÇΓöÇΓöÇΓöÇΓöÇΓöÇΓöÇΓöÇΓöÇΓöÇΓöÇΓöÇΓöÇΓöÇΓöÇΓöÇΓöÇΓöÇΓöÇΓöÇΓöÇΓöÇΓöÇΓöÇΓöÇΓöÇΓöÇΓöÇΓöÇΓöÇΓöÇΓöÇΓöÇΓöÇΓöÇΓöÇΓöÇΓöÇΓöÇΓöÇΓöÇΓöÇΓöÇΓöÇΓöÇΓöÇΓöÇΓöÇΓöÇΓöÇΓöÇΓöÇΓöÇΓöÇΓöÇΓöÇΓöÇΓöÇΓöÇΓöÇΓöÇΓöÇΓöÇΓöÇΓöÇΓöÇΓöÇΓöÇΓöÇΓöÇΓöÇΓöÇΓöÇΓöÇΓöÇΓöÇΓöÇΓöÇΓöÇΓöÇΓöÇΓöÇΓöÇΓöÇΓöÇΓöÇΓöÇΓöÇΓöÇΓöÇΓöÇΓöÇΓöÇΓöÇ

    Error Context: test-results\e2e-2-Dashboard-2-4-Sidebar-shows-nav-items-for-admin-chromium\error-context.md

  2 failed
    [chromium] ΓÇ║ tests\e2e.spec.js:58:3 ΓÇ║ 1. Authentication ΓÇ║ 1.2.2 Unauthenticated visit to / redirects to /login 
    [chromium] ΓÇ║ tests\e2e.spec.js:116:3 ΓÇ║ 2. Dashboard ΓÇ║ 2.4 Sidebar shows nav items for admin ΓöÇΓöÇΓöÇΓöÇ
  2 skipped
  37 passed (1.3m)

To open last HTML report run:
[36m[39m
[36m  npx playwright show-report tests\playwright-report[39m
[36m[39m
